This file contains any messages produced by compilers while
running configure, to aid debugging if configure makes a mistake.

It was created by mavlink-router configure 1, which was
generated by GNU Autoconf 2.71.  Invocation command line was

  $ ./configure 'CFLAGS=-g -O2' --sysconfdir=/etc --localstatedir=/var --libdir=/usr/lib64 --prefix=/usr

## --------- ##
## Platform. ##
## --------- ##

hostname = lubancat1
uname -m = aarch64
uname -r = 5.10.198-rockchip
uname -s = Linux
uname -v = #10 SMP Fri Jun 7 09:59:33 CST 2024

/usr/bin/uname -p = aarch64
/bin/uname -X     = unknown

/bin/arch              = aarch64
/usr/bin/arch -k       = unknown
/usr/convex/getsysinfo = unknown
/usr/bin/hostinfo      = unknown
/bin/machine           = unknown
/usr/bin/oslevel       = unknown
/bin/universe          = unknown

PATH: /opt/ros/humble/bin/
PATH: /home/linuxbrew/.linuxbrew/bin/
PATH: /home/linuxbrew/.linuxbrew/sbin/
PATH: /home/cat/.local/bin/
PATH: /usr/local/sbin/
PATH: /usr/local/bin/
PATH: /usr/sbin/
PATH: /usr/bin/
PATH: /sbin/
PATH: /bin/
PATH: /usr/games/
PATH: /usr/local/games/
PATH: /snap/bin/
PATH: /snap/bin/


## ----------- ##
## Core tests. ##
## ----------- ##

configure:2769: looking for aux files: config.guess config.sub ltmain.sh missing install-sh compile
configure:2782:  trying ./build-aux/
configure:2811:   ./build-aux/config.guess found
configure:2811:   ./build-aux/config.sub found
configure:2811:   ./build-aux/ltmain.sh found
configure:2811:   ./build-aux/missing found
configure:2793:   ./build-aux/install-sh found
configure:2811:   ./build-aux/compile found
configure:2996: checking for gcc
configure:3017: found /usr/bin/gcc
configure:3028: result: gcc
configure:3381: checking for C compiler version
configure:3390: gcc --version >&5
gcc (Ubuntu 11.4.0-1ubuntu1~22.04) 11.4.0
Copyright (C) 2021 Free Software Foundation, Inc.
This is free software; see the source for copying conditions.  There is NO
warranty; not even for MERCHANTABILITY or FITNESS FOR A PARTICULAR PURPOSE.

configure:3401: $? = 0
configure:3390: gcc -v >&5
Using built-in specs.
COLLECT_GCC=gcc
COLLECT_LTO_WRAPPER=/usr/lib/gcc/aarch64-linux-gnu/11/lto-wrapper
Target: aarch64-linux-gnu
Configured with: ../src/configure -v --with-pkgversion='Ubuntu 11.4.0-1ubuntu1~22.04' --with-bugurl=file:///usr/share/doc/gcc-11/README.Bugs --enable-languages=c,ada,c++,go,d,fortran,objc,obj-c++,m2 --prefix=/usr --with-gcc-major-version-only --program-suffix=-11 --program-prefix=aarch64-linux-gnu- --enable-shared --enable-linker-build-id --libexecdir=/usr/lib --without-included-gettext --enable-threads=posix --libdir=/usr/lib --enable-nls --enable-bootstrap --enable-clocale=gnu --enable-libstdcxx-debug --enable-libstdcxx-time=yes --with-default-libstdcxx-abi=new --enable-gnu-unique-object --disable-libquadmath --disable-libquadmath-support --enable-plugin --enable-default-pie --with-system-zlib --enable-libphobos-checking=release --with-target-system-zlib=auto --enable-objc-gc=auto --enable-multiarch --enable-fix-cortex-a53-843419 --disable-werror --enable-checking=release --build=aarch64-linux-gnu --host=aarch64-linux-gnu --target=aarch64-linux-gnu --with-build-config=bootstrap-lto-lean --enable-link-serialization=2
Thread model: posix
Supported LTO compression algorithms: zlib zstd
gcc version 11.4.0 (Ubuntu 11.4.0-1ubuntu1~22.04) 
configure:3401: $? = 0
configure:3390: gcc -V >&5
gcc: error: unrecognized command-line option '-V'
gcc: fatal error: no input files
compilation terminated.
configure:3401: $? = 1
configure:3390: gcc -qversion >&5
gcc: error: unrecognized command-line option '-qversion'; did you mean '--version'?
gcc: fatal error: no input files
compilation terminated.
configure:3401: $? = 1
configure:3390: gcc -version >&5
gcc: error: unrecognized command-line option '-version'
gcc: fatal error: no input files
compilation terminated.
configure:3401: $? = 1
configure:3421: checking whether the C compiler works
configure:3443: gcc -g -O2   conftest.c  >&5
configure:3447: $? = 0
configure:3497: result: yes
configure:3500: checking for C compiler default output file name
configure:3502: result: a.out
configure:3508: checking for suffix of executables
configure:3515: gcc -o conftest -g -O2   conftest.c  >&5
configure:3519: $? = 0
configure:3542: result: 
configure:3564: checking whether we are cross compiling
configure:3572: gcc -o conftest -g -O2   conftest.c  >&5
configure:3576: $? = 0
configure:3583: ./conftest
configure:3587: $? = 0
configure:3602: result: no
configure:3607: checking for suffix of object files
configure:3630: gcc -c -g -O2  conftest.c >&5
configure:3634: $? = 0
configure:3656: result: o
configure:3660: checking whether the compiler supports GNU C
configure:3680: gcc -c -g -O2  conftest.c >&5
configure:3680: $? = 0
configure:3690: result: yes
configure:3701: checking whether gcc accepts -g
configure:3722: gcc -c -g  conftest.c >&5
configure:3722: $? = 0
configure:3766: result: yes
configure:3786: checking for gcc option to enable C11 features
configure:3801: gcc  -c -g -O2  conftest.c >&5
configure:3801: $? = 0
configure:3819: result: none needed
configure:3935: checking whether gcc understands -c and -o together
configure:3958: gcc -c conftest.c -o conftest2.o
configure:3961: $? = 0
configure:3958: gcc -c conftest.c -o conftest2.o
configure:3961: $? = 0
configure:3973: result: yes
configure:3995: checking for stdio.h
configure:3995: gcc -c -g -O2  conftest.c >&5
configure:3995: $? = 0
configure:3995: result: yes
configure:3995: checking for stdlib.h
configure:3995: gcc -c -g -O2  conftest.c >&5
configure:3995: $? = 0
configure:3995: result: yes
configure:3995: checking for string.h
configure:3995: gcc -c -g -O2  conftest.c >&5
configure:3995: $? = 0
configure:3995: result: yes
configure:3995: checking for inttypes.h
configure:3995: gcc -c -g -O2  conftest.c >&5
configure:3995: $? = 0
configure:3995: result: yes
configure:3995: checking for stdint.h
configure:3995: gcc -c -g -O2  conftest.c >&5
configure:3995: $? = 0
configure:3995: result: yes
configure:3995: checking for strings.h
configure:3995: gcc -c -g -O2  conftest.c >&5
configure:3995: $? = 0
configure:3995: result: yes
configure:3995: checking for sys/stat.h
configure:3995: gcc -c -g -O2  conftest.c >&5
configure:3995: $? = 0
configure:3995: result: yes
configure:3995: checking for sys/types.h
configure:3995: gcc -c -g -O2  conftest.c >&5
configure:3995: $? = 0
configure:3995: result: yes
configure:3995: checking for unistd.h
configure:3995: gcc -c -g -O2  conftest.c >&5
configure:3995: $? = 0
configure:3995: result: yes
configure:3995: checking for wchar.h
configure:3995: gcc -c -g -O2  conftest.c >&5
configure:3995: $? = 0
configure:3995: result: yes
configure:3995: checking for minix/config.h
configure:3995: gcc -c -g -O2  conftest.c >&5
conftest.c:47:10: fatal error: minix/config.h: No such file or directory
   47 | #include <minix/config.h>
      |          ^~~~~~~~~~~~~~~~
compilation terminated.
configure:3995: $? = 1
configure: failed program was:
| /* confdefs.h */
| #define PACKAGE_NAME "mavlink-router"
| #define PACKAGE_TARNAME "mavlink-router"
| #define PACKAGE_VERSION "1"
| #define PACKAGE_STRING "mavlink-router 1"
| #define PACKAGE_BUGREPORT ""
| #define PACKAGE_URL "https://github.com/01org/mavlink-router"
| #define HAVE_STDIO_H 1
| #define HAVE_STDLIB_H 1
| #define HAVE_STRING_H 1
| #define HAVE_INTTYPES_H 1
| #define HAVE_STDINT_H 1
| #define HAVE_STRINGS_H 1
| #define HAVE_SYS_STAT_H 1
| #define HAVE_SYS_TYPES_H 1
| #define HAVE_UNISTD_H 1
| #define HAVE_WCHAR_H 1
| /* end confdefs.h.  */
| #include <stddef.h>
| #ifdef HAVE_STDIO_H
| # include <stdio.h>
| #endif
| #ifdef HAVE_STDLIB_H
| # include <stdlib.h>
| #endif
| #ifdef HAVE_STRING_H
| # include <string.h>
| #endif
| #ifdef HAVE_INTTYPES_H
| # include <inttypes.h>
| #endif
| #ifdef HAVE_STDINT_H
| # include <stdint.h>
| #endif
| #ifdef HAVE_STRINGS_H
| # include <strings.h>
| #endif
| #ifdef HAVE_SYS_TYPES_H
| # include <sys/types.h>
| #endif
| #ifdef HAVE_SYS_STAT_H
| # include <sys/stat.h>
| #endif
| #ifdef HAVE_UNISTD_H
| # include <unistd.h>
| #endif
| #include <minix/config.h>
configure:3995: result: no
configure:4026: checking whether it is safe to define __EXTENSIONS__
configure:4045: gcc -c -g -O2  conftest.c >&5
configure:4045: $? = 0
configure:4053: result: yes
configure:4056: checking whether _XOPEN_SOURCE should be defined
configure:4078: gcc -c -g -O2  conftest.c >&5
configure:4078: $? = 0
configure:4105: result: no
configure:4169: checking for special C compiler options needed for large files
configure:4217: result: no
configure:4223: checking for _FILE_OFFSET_BITS value needed for large files
configure:4249: gcc -c -g -O2  conftest.c >&5
configure:4249: $? = 0
configure:4283: result: no
configure:4425: checking for pkg-config
configure:4448: found /usr/bin/pkg-config
configure:4460: result: /usr/bin/pkg-config
configure:4485: checking pkg-config is at least version 0.9.0
configure:4488: result: yes
configure:4497: checking whether to enable maintainer-specific portions of Makefiles
configure:4507: result: yes
configure:4537: checking for a BSD-compatible install
configure:4610: result: /usr/bin/install -c
configure:4621: checking whether build environment is sane
configure:4676: result: yes
configure:4831: checking for a race-free mkdir -p
configure:4875: result: /usr/bin/mkdir -p
configure:4882: checking for gawk
configure:4903: found /usr/bin/gawk
configure:4914: result: gawk
configure:4925: checking whether make sets $(MAKE)
configure:4948: result: yes
configure:4970: checking whether make supports the include directive
configure:4985: make -f confmf.GNU && cat confinc.out
this is the am__doit target
configure:4988: $? = 0
configure:5007: result: yes (GNU style)
configure:5042: checking whether make supports nested variables
configure:5060: result: yes
configure:5135: checking how to create a pax tar archive
configure:5146: tar --version
tar (GNU tar) 1.34
Copyright (C) 2021 Free Software Foundation, Inc.
License GPLv3+: GNU GPL version 3 or later <https://gnu.org/licenses/gpl.html>.
This is free software: you are free to change and redistribute it.
There is NO WARRANTY, to the extent permitted by law.

Written by John Gilmore and Jay Fenlason.
configure:5149: $? = 0
configure:5189: tardir=conftest.dir && eval tar --format=posix -chf - "$tardir" >conftest.tar
configure:5192: $? = 0
configure:5196: tar -xf - <conftest.tar
configure:5199: $? = 0
configure:5201: cat conftest.dir/file
GrepMe
configure:5204: $? = 0
configure:5218: result: gnutar
configure:5227: checking dependency style of gcc
configure:5339: result: gcc3
configure:5423: checking whether make supports nested variables
configure:5441: result: yes
configure:5527: checking for g++
configure:5548: found /usr/bin/g++
configure:5559: result: g++
configure:5586: checking for C++ compiler version
configure:5595: g++ --version >&5
g++ (Ubuntu 11.4.0-1ubuntu1~22.04) 11.4.0
Copyright (C) 2021 Free Software Foundation, Inc.
This is free software; see the source for copying conditions.  There is NO
warranty; not even for MERCHANTABILITY or FITNESS FOR A PARTICULAR PURPOSE.

configure:5606: $? = 0
configure:5595: g++ -v >&5
Using built-in specs.
COLLECT_GCC=g++
COLLECT_LTO_WRAPPER=/usr/lib/gcc/aarch64-linux-gnu/11/lto-wrapper
Target: aarch64-linux-gnu
Configured with: ../src/configure -v --with-pkgversion='Ubuntu 11.4.0-1ubuntu1~22.04' --with-bugurl=file:///usr/share/doc/gcc-11/README.Bugs --enable-languages=c,ada,c++,go,d,fortran,objc,obj-c++,m2 --prefix=/usr --with-gcc-major-version-only --program-suffix=-11 --program-prefix=aarch64-linux-gnu- --enable-shared --enable-linker-build-id --libexecdir=/usr/lib --without-included-gettext --enable-threads=posix --libdir=/usr/lib --enable-nls --enable-bootstrap --enable-clocale=gnu --enable-libstdcxx-debug --enable-libstdcxx-time=yes --with-default-libstdcxx-abi=new --enable-gnu-unique-object --disable-libquadmath --disable-libquadmath-support --enable-plugin --enable-default-pie --with-system-zlib --enable-libphobos-checking=release --with-target-system-zlib=auto --enable-objc-gc=auto --enable-multiarch --enable-fix-cortex-a53-843419 --disable-werror --enable-checking=release --build=aarch64-linux-gnu --host=aarch64-linux-gnu --target=aarch64-linux-gnu --with-build-config=bootstrap-lto-lean --enable-link-serialization=2
Thread model: posix
Supported LTO compression algorithms: zlib zstd
gcc version 11.4.0 (Ubuntu 11.4.0-1ubuntu1~22.04) 
configure:5606: $? = 0
configure:5595: g++ -V >&5
g++: error: unrecognized command-line option '-V'
g++: fatal error: no input files
compilation terminated.
configure:5606: $? = 1
configure:5595: g++ -qversion >&5
g++: error: unrecognized command-line option '-qversion'; did you mean '--version'?
g++: fatal error: no input files
compilation terminated.
configure:5606: $? = 1
configure:5610: checking whether the compiler supports GNU C++
configure:5630: g++ -c   conftest.cpp >&5
configure:5630: $? = 0
configure:5640: result: yes
configure:5651: checking whether g++ accepts -g
configure:5672: g++ -c -g  conftest.cpp >&5
configure:5672: $? = 0
configure:5716: result: yes
configure:5736: checking for g++ option to enable C++11 features
configure:5751: g++  -c -g -O2  conftest.cpp >&5
conftest.cpp: In function 'int main(int, char**)':
conftest.cpp:204:25: warning: empty parentheses were disambiguated as a function declaration [-Wvexing-parse]
  204 |   cxx11test::delegate d2();
      |                         ^~
conftest.cpp:204:25: note: remove parentheses to default-initialize a variable
  204 |   cxx11test::delegate d2();
      |                         ^~
      |                         --
conftest.cpp:204:25: note: or replace parentheses with braces to value-initialize a variable
configure:5751: $? = 0
configure:5769: result: none needed
configure:5835: checking dependency style of g++
configure:5947: result: gcc3
configure:5973: checking whether g++ supports C++11 features with -std=gnu++11
configure:6270: g++ -std=gnu++11 -c -g -O2  conftest.cpp >&5
configure:6270: $? = 0
configure:6280: result: yes
configure:6353: checking for a Python interpreter with version >= 2.7
configure:6371: python -c import sys # split strings by '.' and convert to numeric. Append some zeros # because we need at least 4 digits for the hex conversion. # map returns an iterator in Python 3.0 and a list in 2.x minver = list(map(int, '2.7'.split('.'))) + [0, 0, 0] minverhex = 0 # xrange is not present in Python 3.0 and range returns an iterator for i in list(range(0, 4)): minverhex = (minverhex << 8) + minver[i] sys.exit(sys.hexversion < minverhex)
./configure: line 6372: python: command not found
configure:6374: $? = 127
configure:6371: python2 -c import sys # split strings by '.' and convert to numeric. Append some zeros # because we need at least 4 digits for the hex conversion. # map returns an iterator in Python 3.0 and a list in 2.x minver = list(map(int, '2.7'.split('.'))) + [0, 0, 0] minverhex = 0 # xrange is not present in Python 3.0 and range returns an iterator for i in list(range(0, 4)): minverhex = (minverhex << 8) + minver[i] sys.exit(sys.hexversion < minverhex)
./configure: line 6372: python2: command not found
configure:6374: $? = 127
configure:6371: python3 -c import sys # split strings by '.' and convert to numeric. Append some zeros # because we need at least 4 digits for the hex conversion. # map returns an iterator in Python 3.0 and a list in 2.x minver = list(map(int, '2.7'.split('.'))) + [0, 0, 0] minverhex = 0 # xrange is not present in Python 3.0 and range returns an iterator for i in list(range(0, 4)): minverhex = (minverhex << 8) + minver[i] sys.exit(sys.hexversion < minverhex)
configure:6374: $? = 0
configure:6381: result: python3
configure:6389: checking for python3
configure:6412: found /usr/bin/python3
configure:6424: result: /usr/bin/python3
configure:6441: checking for python3 version
configure:6449: result: 3.10
configure:6454: checking for python3 platform
configure:6462: result: linux
configure:6523: checking for GNU default python3 prefix
configure:6525: result: ${prefix}
configure:6591: checking for GNU default python3 exec_prefix
configure:6593: result: ${exec_prefix}
configure:6624: checking for python3 script directory (pythondir)
configure:6666: result: ${PYTHON_PREFIX}/lib/python3.10/site-packages
configure:6674: checking for python3 extension module directory (pyexecdir)
configure:6716: result: ${PYTHON_EXEC_PREFIX}/lib/python3.10/site-packages
configure:6762: checking build system type
configure:6777: result: aarch64-unknown-linux-gnu
configure:6797: checking host system type
configure:6811: result: aarch64-unknown-linux-gnu
configure:6852: checking how to print strings
configure:6879: result: printf
configure:6900: checking for a sed that does not truncate output
configure:6970: result: /usr/bin/sed
configure:6988: checking for grep that handles long lines and -e
configure:7052: result: /usr/bin/grep
configure:7057: checking for egrep
configure:7125: result: /usr/bin/grep -E
configure:7130: checking for fgrep
configure:7198: result: /usr/bin/grep -F
configure:7234: checking for ld used by gcc
configure:7302: result: /usr/bin/ld
configure:7309: checking if the linker (/usr/bin/ld) is GNU ld
configure:7325: result: yes
configure:7337: checking for BSD- or MS-compatible name lister (nm)
configure:7392: result: /usr/bin/nm -B
configure:7532: checking the name lister (/usr/bin/nm -B) interface
configure:7540: gcc -c -g -O2  conftest.c >&5
configure:7543: /usr/bin/nm -B "conftest.o"
configure:7546: output
0000000000000000 B some_variable
configure:7553: result: BSD nm
configure:7556: checking whether ln -s works
configure:7560: result: yes
configure:7568: checking the maximum length of command line arguments
configure:7700: result: 1572864
configure:7748: checking how to convert aarch64-unknown-linux-gnu file names to aarch64-unknown-linux-gnu format
configure:7789: result: func_convert_file_noop
configure:7796: checking how to convert aarch64-unknown-linux-gnu file names to toolchain format
configure:7817: result: func_convert_file_noop
configure:7824: checking for /usr/bin/ld option to reload object files
configure:7832: result: -r
configure:7911: checking for objdump
configure:7932: found /usr/bin/objdump
configure:7943: result: objdump
configure:7975: checking how to recognize dependent libraries
configure:8176: result: pass_all
configure:8266: checking for dlltool
configure:8301: result: no
configure:8331: checking how to associate runtime and link libraries
configure:8359: result: printf %s\n
configure:8424: checking for ar
configure:8445: found /usr/bin/ar
configure:8456: result: ar
configure:8493: checking for archiver @FILE support
configure:8511: gcc -c -g -O2  conftest.c >&5
configure:8511: $? = 0
configure:8515: ar cr libconftest.a @conftest.lst >&5
configure:8518: $? = 0
configure:8523: ar cr libconftest.a @conftest.lst >&5
ar: conftest.o: No such file or directory
configure:8526: $? = 1
configure:8538: result: @
configure:8601: checking for strip
configure:8622: found /usr/bin/strip
configure:8633: result: strip
configure:8710: checking for ranlib
configure:8731: found /usr/bin/ranlib
configure:8742: result: ranlib
configure:8844: checking command to parse /usr/bin/nm -B output from gcc object
configure:8998: gcc -c -g -O2  conftest.c >&5
configure:9001: $? = 0
configure:9005: /usr/bin/nm -B conftest.o | sed -n -e 's/^.*[	 ]\([ABCDGIRSTW][ABCDGIRSTW]*\)[	 ][	 ]*\([_A-Za-z][_A-Za-z0-9]*\)$/\1 \2 \2/p' | sed '/ __gnu_lto/d' > conftest.nm
configure:9071: gcc -o conftest -g -O2   conftest.c conftstm.o >&5
configure:9074: $? = 0
configure:9112: result: ok
configure:9159: checking for sysroot
configure:9190: result: no
configure:9197: checking for a working dd
configure:9241: result: /usr/bin/dd
configure:9245: checking how to truncate binary pipes
configure:9261: result: /usr/bin/dd bs=4096 count=1
configure:9598: checking for mt
configure:9619: found /usr/bin/mt
configure:9630: result: mt
configure:9653: checking if mt is a manifest tool
configure:9660: mt '-?'
configure:9668: result: no
configure:10394: checking for dlfcn.h
configure:10394: gcc -c -g -O2  conftest.c >&5
configure:10394: $? = 0
configure:10394: result: yes
configure:10661: checking for objdir
configure:10677: result: .libs
configure:10941: checking if gcc supports -fno-rtti -fno-exceptions
configure:10960: gcc -c -g -O2  -fno-rtti -fno-exceptions conftest.c >&5
cc1: warning: command-line option '-fno-rtti' is valid for C++/D/ObjC++ but not for C
configure:10964: $? = 0
configure:10977: result: no
configure:11341: checking for gcc option to produce PIC
configure:11349: result: -fPIC -DPIC
configure:11357: checking if gcc PIC flag -fPIC -DPIC works
configure:11376: gcc -c -g -O2  -fPIC -DPIC -DPIC conftest.c >&5
configure:11380: $? = 0
configure:11393: result: yes
configure:11422: checking if gcc static flag -static works
configure:11451: result: yes
configure:11466: checking if gcc supports -c -o file.o
configure:11488: gcc -c -g -O2  -o out/conftest2.o conftest.c >&5
configure:11492: $? = 0
configure:11514: result: yes
configure:11522: checking if gcc supports -c -o file.o
configure:11570: result: yes
configure:11603: checking whether the gcc linker (/usr/bin/ld) supports shared libraries
configure:12873: result: yes
configure:12910: checking whether -lc should be explicitly linked in
configure:12919: gcc -c -g -O2  conftest.c >&5
configure:12922: $? = 0
configure:12937: gcc -shared  -fPIC -DPIC conftest.o  -v -Wl,-soname -Wl,conftest -o conftest 2\>\&1 \| /usr/bin/grep  -lc  \>/dev/null 2\>\&1
configure:12940: $? = 0
configure:12954: result: no
configure:13114: checking dynamic linker characteristics
configure:13696: gcc -o conftest -g -O2   -Wl,-rpath -Wl,/foo conftest.c  >&5
configure:13696: $? = 0
configure:13947: result: GNU/Linux ld.so
configure:14069: checking how to hardcode library paths into programs
configure:14094: result: immediate
configure:14646: checking whether stripping libraries is possible
configure:14651: result: yes
configure:14686: checking if libtool supports shared libraries
configure:14688: result: yes
configure:14691: checking whether to build shared libraries
configure:14716: result: yes
configure:14719: checking whether to build static libraries
configure:14723: result: no
configure:14746: checking how to run the C++ preprocessor
configure:14768: g++ -std=gnu++11 -E  conftest.cpp
configure:14768: $? = 0
configure:14783: g++ -std=gnu++11 -E  conftest.cpp
conftest.cpp:41:10: fatal error: ac_nonexistent.h: No such file or directory
   41 | #include <ac_nonexistent.h>
      |          ^~~~~~~~~~~~~~~~~~
compilation terminated.
configure:14783: $? = 1
configure: failed program was:
| /* confdefs.h */
| #define PACKAGE_NAME "mavlink-router"
| #define PACKAGE_TARNAME "mavlink-router"
| #define PACKAGE_VERSION "1"
| #define PACKAGE_STRING "mavlink-router 1"
| #define PACKAGE_BUGREPORT ""
| #define PACKAGE_URL "https://github.com/01org/mavlink-router"
| #define HAVE_STDIO_H 1
| #define HAVE_STDLIB_H 1
| #define HAVE_STRING_H 1
| #define HAVE_INTTYPES_H 1
| #define HAVE_STDINT_H 1
| #define HAVE_STRINGS_H 1
| #define HAVE_SYS_STAT_H 1
| #define HAVE_SYS_TYPES_H 1
| #define HAVE_UNISTD_H 1
| #define HAVE_WCHAR_H 1
| #define STDC_HEADERS 1
| #define _ALL_SOURCE 1
| #define _DARWIN_C_SOURCE 1
| #define _GNU_SOURCE 1
| #define _HPUX_ALT_XOPEN_SOCKET_API 1
| #define _NETBSD_SOURCE 1
| #define _OPENBSD_SOURCE 1
| #define _POSIX_PTHREAD_SEMANTICS 1
| #define __STDC_WANT_IEC_60559_ATTRIBS_EXT__ 1
| #define __STDC_WANT_IEC_60559_BFP_EXT__ 1
| #define __STDC_WANT_IEC_60559_DFP_EXT__ 1
| #define __STDC_WANT_IEC_60559_FUNCS_EXT__ 1
| #define __STDC_WANT_IEC_60559_TYPES_EXT__ 1
| #define __STDC_WANT_LIB_EXT2__ 1
| #define __STDC_WANT_MATH_SPEC_FUNCS__ 1
| #define _TANDEM_SOURCE 1
| #define __EXTENSIONS__ 1
| #define PACKAGE "mavlink-router"
| #define VERSION "1"
| #define HAVE_CXX11 1
| #define HAVE_DLFCN_H 1
| #define LT_OBJDIR ".libs/"
| /* end confdefs.h.  */
| #include <ac_nonexistent.h>
configure:14810: result: g++ -std=gnu++11 -E
configure:14824: g++ -std=gnu++11 -E  conftest.cpp
configure:14824: $? = 0
configure:14839: g++ -std=gnu++11 -E  conftest.cpp
conftest.cpp:41:10: fatal error: ac_nonexistent.h: No such file or directory
   41 | #include <ac_nonexistent.h>
      |          ^~~~~~~~~~~~~~~~~~
compilation terminated.
configure:14839: $? = 1
configure: failed program was:
| /* confdefs.h */
| #define PACKAGE_NAME "mavlink-router"
| #define PACKAGE_TARNAME "mavlink-router"
| #define PACKAGE_VERSION "1"
| #define PACKAGE_STRING "mavlink-router 1"
| #define PACKAGE_BUGREPORT ""
| #define PACKAGE_URL "https://github.com/01org/mavlink-router"
| #define HAVE_STDIO_H 1
| #define HAVE_STDLIB_H 1
| #define HAVE_STRING_H 1
| #define HAVE_INTTYPES_H 1
| #define HAVE_STDINT_H 1
| #define HAVE_STRINGS_H 1
| #define HAVE_SYS_STAT_H 1
| #define HAVE_SYS_TYPES_H 1
| #define HAVE_UNISTD_H 1
| #define HAVE_WCHAR_H 1
| #define STDC_HEADERS 1
| #define _ALL_SOURCE 1
| #define _DARWIN_C_SOURCE 1
| #define _GNU_SOURCE 1
| #define _HPUX_ALT_XOPEN_SOCKET_API 1
| #define _NETBSD_SOURCE 1
| #define _OPENBSD_SOURCE 1
| #define _POSIX_PTHREAD_SEMANTICS 1
| #define __STDC_WANT_IEC_60559_ATTRIBS_EXT__ 1
| #define __STDC_WANT_IEC_60559_BFP_EXT__ 1
| #define __STDC_WANT_IEC_60559_DFP_EXT__ 1
| #define __STDC_WANT_IEC_60559_FUNCS_EXT__ 1
| #define __STDC_WANT_IEC_60559_TYPES_EXT__ 1
| #define __STDC_WANT_LIB_EXT2__ 1
| #define __STDC_WANT_MATH_SPEC_FUNCS__ 1
| #define _TANDEM_SOURCE 1
| #define __EXTENSIONS__ 1
| #define PACKAGE "mavlink-router"
| #define VERSION "1"
| #define HAVE_CXX11 1
| #define HAVE_DLFCN_H 1
| #define LT_OBJDIR ".libs/"
| /* end confdefs.h.  */
| #include <ac_nonexistent.h>
configure:15004: checking for ld used by g++ -std=gnu++11
configure:15072: result: /usr/bin/ld
configure:15079: checking if the linker (/usr/bin/ld) is GNU ld
configure:15095: result: yes
configure:15150: checking whether the g++ -std=gnu++11 linker (/usr/bin/ld) supports shared libraries
configure:16227: result: yes
configure:16263: g++ -std=gnu++11 -c -g -O2  conftest.cpp >&5
configure:16266: $? = 0
configure:16747: checking for g++ -std=gnu++11 option to produce PIC
configure:16755: result: -fPIC -DPIC
configure:16763: checking if g++ -std=gnu++11 PIC flag -fPIC -DPIC works
configure:16782: g++ -std=gnu++11 -c -g -O2  -fPIC -DPIC -DPIC conftest.cpp >&5
configure:16786: $? = 0
configure:16799: result: yes
configure:16822: checking if g++ -std=gnu++11 static flag -static works
configure:16851: result: yes
configure:16863: checking if g++ -std=gnu++11 supports -c -o file.o
configure:16885: g++ -std=gnu++11 -c -g -O2  -o out/conftest2.o conftest.cpp >&5
configure:16889: $? = 0
configure:16911: result: yes
configure:16916: checking if g++ -std=gnu++11 supports -c -o file.o
configure:16964: result: yes
configure:16994: checking whether the g++ -std=gnu++11 linker (/usr/bin/ld) supports shared libraries
configure:17037: result: yes
configure:17179: checking dynamic linker characteristics
configure:17939: result: GNU/Linux ld.so
configure:18004: checking how to hardcode library paths into programs
configure:18029: result: immediate
configure:18095: checking whether _Static_assert() is supported
configure:18101: gcc -c -g -O2  conftest.c >&5
configure:18101: $? = 0
configure:18106: result: yes
configure:18114: checking whether _Noreturn is supported
configure:18120: gcc -c -g -O2  conftest.c >&5
conftest.c: In function 'foo':
conftest.c:42:27: warning: implicit declaration of function 'exit' [-Wimplicit-function-declaration]
   42 | _Noreturn int foo(void) { exit(0); }
      |                           ^~~~
conftest.c:1:1: note: include '<stdlib.h>' or provide a declaration of 'exit'
    1 | /* confdefs.h */
conftest.c:42:27: warning: incompatible implicit declaration of built-in function 'exit' [-Wbuiltin-declaration-mismatch]
   42 | _Noreturn int foo(void) { exit(0); }
      |                           ^~~~
conftest.c:42:27: note: include '<stdlib.h>' or provide a declaration of 'exit'
configure:18120: $? = 0
configure:18125: result: yes
configure:18135: checking for gtest_main
configure:18142: $PKG_CONFIG --exists --print-errors "gtest_main"
configure:18145: $? = 0
configure:18159: $PKG_CONFIG --exists --print-errors "gtest_main"
configure:18162: $? = 0
configure:18286: result: yes
configure:18325: checking systemd system unit dir
configure:18331: result: /lib/systemd/system
configure:18474: checking that generated files are newer than configure
configure:18480: result: done
configure:18515: creating ./config.status

## ---------------------- ##
## Running config.status. ##
## ---------------------- ##

This file was extended by mavlink-router config.status 1, which was
generated by GNU Autoconf 2.71.  Invocation command line was

  CONFIG_FILES    = 
  CONFIG_HEADERS  = 
  CONFIG_LINKS    = 
  CONFIG_COMMANDS = 
  $ ./config.status 

on lubancat1

config.status:1187: creating Makefile
config.status:1187: creating config.h
config.status:1368: config.h is unchanged
config.status:1416: executing depfiles commands
config.status:1493: cd .       && sed -e '/# am--include-marker/d' Makefile         | make -f - am--depfiles
make: Nothing to be done for 'am--depfiles'.
config.status:1498: $? = 0
config.status:1416: executing libtool commands
configure:20922: result:
	mavlink-router 1
	================

	prefix:			/usr
	sysconfdir:		/etc
	libdir:			/usr/lib64
	rootlibdir:		/usr/lib64
	includedir:		${prefix}/include
	bindir:			${exec_prefix}/bin

	C compiler:		gcc
	C++ compiler:		g++ -std=gnu++11


## ---------------- ##
## Cache variables. ##
## ---------------- ##

ac_cv_build=aarch64-unknown-linux-gnu
ac_cv_c_compiler_gnu=yes
ac_cv_cxx_compiler_gnu=yes
ac_cv_env_CCC_set=
ac_cv_env_CCC_value=
ac_cv_env_CC_set=
ac_cv_env_CC_value=
ac_cv_env_CFLAGS_set=set
ac_cv_env_CFLAGS_value='-g -O2'
ac_cv_env_CPPFLAGS_set=
ac_cv_env_CPPFLAGS_value=
ac_cv_env_CXXCPP_set=
ac_cv_env_CXXCPP_value=
ac_cv_env_CXXFLAGS_set=
ac_cv_env_CXXFLAGS_value=
ac_cv_env_CXX_set=
ac_cv_env_CXX_value=
ac_cv_env_GTEST_CFLAGS_set=
ac_cv_env_GTEST_CFLAGS_value=
ac_cv_env_GTEST_LIBS_set=
ac_cv_env_GTEST_LIBS_value=
ac_cv_env_LDFLAGS_set=
ac_cv_env_LDFLAGS_value=
ac_cv_env_LIBS_set=
ac_cv_env_LIBS_value=
ac_cv_env_LT_SYS_LIBRARY_PATH_set=
ac_cv_env_LT_SYS_LIBRARY_PATH_value=
ac_cv_env_PKG_CONFIG_LIBDIR_set=
ac_cv_env_PKG_CONFIG_LIBDIR_value=
ac_cv_env_PKG_CONFIG_PATH_set=
ac_cv_env_PKG_CONFIG_PATH_value=
ac_cv_env_PKG_CONFIG_set=
ac_cv_env_PKG_CONFIG_value=
ac_cv_env_PYTHON_set=
ac_cv_env_PYTHON_value=
ac_cv_env_build_alias_set=
ac_cv_env_build_alias_value=
ac_cv_env_host_alias_set=
ac_cv_env_host_alias_value=
ac_cv_env_target_alias_set=
ac_cv_env_target_alias_value=
ac_cv_header_dlfcn_h=yes
ac_cv_header_inttypes_h=yes
ac_cv_header_minix_config_h=no
ac_cv_header_stdint_h=yes
ac_cv_header_stdio_h=yes
ac_cv_header_stdlib_h=yes
ac_cv_header_string_h=yes
ac_cv_header_strings_h=yes
ac_cv_header_sys_stat_h=yes
ac_cv_header_sys_types_h=yes
ac_cv_header_unistd_h=yes
ac_cv_header_wchar_h=yes
ac_cv_host=aarch64-unknown-linux-gnu
ac_cv_objext=o
ac_cv_path_EGREP='/usr/bin/grep -E'
ac_cv_path_FGREP='/usr/bin/grep -F'
ac_cv_path_GREP=/usr/bin/grep
ac_cv_path_PYTHON=/usr/bin/python3
ac_cv_path_SED=/usr/bin/sed
ac_cv_path_ac_pt_PKG_CONFIG=/usr/bin/pkg-config
ac_cv_path_install='/usr/bin/install -c'
ac_cv_path_lt_DD=/usr/bin/dd
ac_cv_path_mkdir=/usr/bin/mkdir
ac_cv_prog_AWK=gawk
ac_cv_prog_CXXCPP='g++ -std=gnu++11 -E'
ac_cv_prog_ac_ct_AR=ar
ac_cv_prog_ac_ct_CC=gcc
ac_cv_prog_ac_ct_CXX=g++
ac_cv_prog_ac_ct_MANIFEST_TOOL=mt
ac_cv_prog_ac_ct_OBJDUMP=objdump
ac_cv_prog_ac_ct_RANLIB=ranlib
ac_cv_prog_ac_ct_STRIP=strip
ac_cv_prog_cc_c11=
ac_cv_prog_cc_g=yes
ac_cv_prog_cc_stdc=
ac_cv_prog_cxx_11=no
ac_cv_prog_cxx_cxx11=
ac_cv_prog_cxx_g=yes
ac_cv_prog_cxx_stdcxx=
ac_cv_prog_make_make_set=yes
ac_cv_safe_to_define___extensions__=yes
ac_cv_should_define__xopen_source=no
ac_cv_sys_file_offset_bits=no
ac_cv_sys_largefile_CC=no
am_cv_CC_dependencies_compiler_type=gcc3
am_cv_CXX_dependencies_compiler_type=gcc3
am_cv_make_support_nested_variables=yes
am_cv_pathless_PYTHON=python3
am_cv_prog_cc_c_o=yes
am_cv_prog_tar_pax=gnutar
am_cv_python_platform=linux
am_cv_python_pyexecdir='${PYTHON_EXEC_PREFIX}/lib/python3.10/site-packages'
am_cv_python_pythondir='${PYTHON_PREFIX}/lib/python3.10/site-packages'
am_cv_python_version=3.10
ax_cv_cxx_compile_cxx11__std_gnupp11=yes
lt_cv_ar_at_file=@
lt_cv_archive_cmds_need_lc=no
lt_cv_deplibs_check_method=pass_all
lt_cv_file_magic_cmd='$MAGIC_CMD'
lt_cv_file_magic_test_file=
lt_cv_ld_reload_flag=-r
lt_cv_nm_interface='BSD nm'
lt_cv_objdir=.libs
lt_cv_path_LD=/usr/bin/ld
lt_cv_path_LDCXX=/usr/bin/ld
lt_cv_path_NM='/usr/bin/nm -B'
lt_cv_path_mainfest_tool=no
lt_cv_prog_compiler_c_o=yes
lt_cv_prog_compiler_c_o_CXX=yes
lt_cv_prog_compiler_pic='-fPIC -DPIC'
lt_cv_prog_compiler_pic_CXX='-fPIC -DPIC'
lt_cv_prog_compiler_pic_works=yes
lt_cv_prog_compiler_pic_works_CXX=yes
lt_cv_prog_compiler_rtti_exceptions=no
lt_cv_prog_compiler_static_works=yes
lt_cv_prog_compiler_static_works_CXX=yes
lt_cv_prog_gnu_ld=yes
lt_cv_prog_gnu_ldcxx=yes
lt_cv_sharedlib_from_linklib_cmd='printf %s\n'
lt_cv_shlibpath_overrides_runpath=yes
lt_cv_sys_global_symbol_pipe='sed -n -e '\''s/^.*[	 ]\([ABCDGIRSTW][ABCDGIRSTW]*\)[	 ][	 ]*\([_A-Za-z][_A-Za-z0-9]*\)$/\1 \2 \2/p'\'' | sed '\''/ __gnu_lto/d'\'''
lt_cv_sys_global_symbol_to_c_name_address='sed -n -e '\''s/^: \(.*\) .*$/  {"\1", (void *) 0},/p'\'' -e '\''s/^[ABCDGIRSTW][ABCDGIRSTW]* .* \(.*\)$/  {"\1", (void *) \&\1},/p'\'''
lt_cv_sys_global_symbol_to_c_name_address_lib_prefix='sed -n -e '\''s/^: \(.*\) .*$/  {"\1", (void *) 0},/p'\'' -e '\''s/^[ABCDGIRSTW][ABCDGIRSTW]* .* \(lib.*\)$/  {"\1", (void *) \&\1},/p'\'' -e '\''s/^[ABCDGIRSTW][ABCDGIRSTW]* .* \(.*\)$/  {"lib\1", (void *) \&\1},/p'\'''
lt_cv_sys_global_symbol_to_cdecl='sed -n -e '\''s/^T .* \(.*\)$/extern int \1();/p'\'' -e '\''s/^[ABCDGIRSTW][ABCDGIRSTW]* .* \(.*\)$/extern char \1;/p'\'''
lt_cv_sys_global_symbol_to_import=
lt_cv_sys_max_cmd_len=1572864
lt_cv_to_host_file_cmd=func_convert_file_noop
lt_cv_to_tool_file_cmd=func_convert_file_noop
lt_cv_truncate_bin='/usr/bin/dd bs=4096 count=1'
pkg_cv_GTEST_CFLAGS=-DGTEST_HAS_PTHREAD=1
pkg_cv_GTEST_LIBS='-lgtest_main -lgtest'

## ----------------- ##
## Output variables. ##
## ----------------- ##

ACLOCAL='${SHELL} '\''/home/cat/droneyee_adapter/mavlink-router/mavlink-router/build-aux/missing'\'' aclocal-1.16'
AMDEPBACKSLASH='\'
AMDEP_FALSE='#'
AMDEP_TRUE=''
AMTAR='$${TAR-tar}'
AM_BACKSLASH='\'
AM_DEFAULT_V='$(AM_DEFAULT_VERBOSITY)'
AM_DEFAULT_VERBOSITY='0'
AM_V='$(V)'
AR='ar'
AUTOCONF='${SHELL} '\''/home/cat/droneyee_adapter/mavlink-router/mavlink-router/build-aux/missing'\'' autoconf'
AUTOHEADER='${SHELL} '\''/home/cat/droneyee_adapter/mavlink-router/mavlink-router/build-aux/missing'\'' autoheader'
AUTOMAKE='${SHELL} '\''/home/cat/droneyee_adapter/mavlink-router/mavlink-router/build-aux/missing'\'' automake-1.16'
AWK='gawk'
CC='gcc'
CCDEPMODE='depmode=gcc3'
CFLAGS='-g -O2'
CPPFLAGS=''
CSCOPE='cscope'
CTAGS='ctags'
CXX='g++ -std=gnu++11'
CXXCPP='g++ -std=gnu++11 -E'
CXXDEPMODE='depmode=gcc3'
CXXFLAGS='-g -O2'
CYGPATH_W='echo'
DEFS='-DHAVE_CONFIG_H'
DEPDIR='.deps'
DLLTOOL='false'
DSYMUTIL=''
DUMPBIN=''
ECHO_C=''
ECHO_N='-n'
ECHO_T=''
EGREP='/usr/bin/grep -E'
ETAGS='etags'
EXEEXT=''
FGREP='/usr/bin/grep -F'
GREP='/usr/bin/grep'
GTEST_CFLAGS='-DGTEST_HAS_PTHREAD=1'
GTEST_LIBS='-lgtest_main -lgtest'
HAVE_CXX11='1'
HAVE_GTEST_FALSE='#'
HAVE_GTEST_TRUE=''
INSTALL_DATA='${INSTALL} -m 644'
INSTALL_PROGRAM='${INSTALL}'
INSTALL_SCRIPT='${INSTALL}'
INSTALL_STRIP_PROGRAM='$(install_sh) -c -s'
LD='/usr/bin/ld'
LDFLAGS=''
LIBOBJS=''
LIBS=''
LIBTOOL='$(SHELL) $(top_builddir)/libtool'
LIPO=''
LN_S='ln -s'
LTLIBOBJS=''
LT_SYS_LIBRARY_PATH=''
MAINT=''
MAINTAINER_MODE_FALSE='#'
MAINTAINER_MODE_TRUE=''
MAKEINFO='${SHELL} '\''/home/cat/droneyee_adapter/mavlink-router/mavlink-router/build-aux/missing'\'' makeinfo'
MANIFEST_TOOL=':'
MKDIR_P='/usr/bin/mkdir -p'
NM='/usr/bin/nm -B'
NMEDIT=''
OBJDUMP='objdump'
OBJEXT='o'
OTOOL64=''
OTOOL=''
PACKAGE='mavlink-router'
PACKAGE_BUGREPORT=''
PACKAGE_NAME='mavlink-router'
PACKAGE_STRING='mavlink-router 1'
PACKAGE_TARNAME='mavlink-router'
PACKAGE_URL='https://github.com/01org/mavlink-router'
PACKAGE_VERSION='1'
PATH_SEPARATOR=':'
PKG_CONFIG='/usr/bin/pkg-config'
PKG_CONFIG_LIBDIR=''
PKG_CONFIG_PATH=''
PYTHON='/usr/bin/python3'
PYTHON_EXEC_PREFIX='${exec_prefix}'
PYTHON_PLATFORM='linux'
PYTHON_PREFIX='${prefix}'
PYTHON_VERSION='3.10'
RANLIB='ranlib'
SED='/usr/bin/sed'
SET_MAKE=''
SHELL='/bin/bash'
STRIP='strip'
SYSTEMD_FALSE='#'
SYSTEMD_SYSTEMUNITDIR='/lib/systemd/system'
SYSTEMD_TRUE=''
VERSION='1'
ac_ct_AR='ar'
ac_ct_CC='gcc'
ac_ct_CXX='g++'
ac_ct_DUMPBIN=''
am__EXEEXT_FALSE=''
am__EXEEXT_TRUE='#'
am__fastdepCC_FALSE='#'
am__fastdepCC_TRUE=''
am__fastdepCXX_FALSE='#'
am__fastdepCXX_TRUE=''
am__include='include'
am__isrc=''
am__leading_dot='.'
am__nodep='_no'
am__quote=''
am__tar='tar --format=posix -chf - "$$tardir"'
am__untar='tar -xf -'
bindir='${exec_prefix}/bin'
build='aarch64-unknown-linux-gnu'
build_alias=''
build_cpu='aarch64'
build_os='linux-gnu'
build_vendor='unknown'
datadir='${datarootdir}'
datarootdir='${prefix}/share'
docdir='${datarootdir}/doc/${PACKAGE_TARNAME}'
dvidir='${docdir}'
exec_prefix='${prefix}'
host='aarch64-unknown-linux-gnu'
host_alias=''
host_cpu='aarch64'
host_os='linux-gnu'
host_vendor='unknown'
htmldir='${docdir}'
includedir='${prefix}/include'
infodir='${datarootdir}/info'
install_sh='${SHELL} /home/cat/droneyee_adapter/mavlink-router/mavlink-router/build-aux/install-sh'
libdir='/usr/lib64'
libexecdir='${exec_prefix}/libexec'
localedir='${datarootdir}/locale'
localstatedir='/var'
mandir='${datarootdir}/man'
mkdir_p='$(MKDIR_P)'
oldincludedir='/usr/include'
pdfdir='${docdir}'
pkgpyexecdir='${pyexecdir}/mavlink-router'
pkgpythondir='${pythondir}/mavlink-router'
prefix='/usr'
program_transform_name='s,x,x,'
psdir='${docdir}'
pyexecdir='${PYTHON_EXEC_PREFIX}/lib/python3.10/site-packages'
pythondir='${PYTHON_PREFIX}/lib/python3.10/site-packages'
rootlibdir='/usr/lib64'
runstatedir='${localstatedir}/run'
sbindir='${exec_prefix}/sbin'
sharedstatedir='${prefix}/com'
sysconfdir='/etc'
target_alias=''

## ----------- ##
## confdefs.h. ##
## ----------- ##

/* confdefs.h */
#define PACKAGE_NAME "mavlink-router"
#define PACKAGE_TARNAME "mavlink-router"
#define PACKAGE_VERSION "1"
#define PACKAGE_STRING "mavlink-router 1"
#define PACKAGE_BUGREPORT ""
#define PACKAGE_URL "https://github.com/01org/mavlink-router"
#define HAVE_STDIO_H 1
#define HAVE_STDLIB_H 1
#define HAVE_STRING_H 1
#define HAVE_INTTYPES_H 1
#define HAVE_STDINT_H 1
#define HAVE_STRINGS_H 1
#define HAVE_SYS_STAT_H 1
#define HAVE_SYS_TYPES_H 1
#define HAVE_UNISTD_H 1
#define HAVE_WCHAR_H 1
#define STDC_HEADERS 1
#define _ALL_SOURCE 1
#define _DARWIN_C_SOURCE 1
#define _GNU_SOURCE 1
#define _HPUX_ALT_XOPEN_SOCKET_API 1
#define _NETBSD_SOURCE 1
#define _OPENBSD_SOURCE 1
#define _POSIX_PTHREAD_SEMANTICS 1
#define __STDC_WANT_IEC_60559_ATTRIBS_EXT__ 1
#define __STDC_WANT_IEC_60559_BFP_EXT__ 1
#define __STDC_WANT_IEC_60559_DFP_EXT__ 1
#define __STDC_WANT_IEC_60559_FUNCS_EXT__ 1
#define __STDC_WANT_IEC_60559_TYPES_EXT__ 1
#define __STDC_WANT_LIB_EXT2__ 1
#define __STDC_WANT_MATH_SPEC_FUNCS__ 1
#define _TANDEM_SOURCE 1
#define __EXTENSIONS__ 1
#define PACKAGE "mavlink-router"
#define VERSION "1"
#define HAVE_CXX11 1
#define HAVE_DLFCN_H 1
#define LT_OBJDIR ".libs/"
#define HAVE_STATIC_ASSERT 1
#define HAVE_NORETURN 1

configure: exit 0
